../STM32_WPAN/App/app_zigbee.c:117:6:APP_ZIGBEE_Init	16	static
../STM32_WPAN/App/app_zigbee.c:158:13:APP_ZIGBEE_StackLayersInit	8	static
../STM32_WPAN/App/app_zigbee.c:188:13:APP_ZIGBEE_ConfigEndpoints	40	static
../STM32_WPAN/App/app_zigbee.c:211:13:APP_ZIGBEE_NwkForm	496	static
../STM32_WPAN/App/app_zigbee.c:282:13:ZbStartupWaitCb	24	static
../STM32_WPAN/App/app_zigbee.c:291:20:ZbStartupWait	24	static
../STM32_WPAN/App/app_zigbee.c:323:6:APP_ZIGBEE_Error	16	static
../STM32_WPAN/App/app_zigbee.c:346:13:APP_ZIGBEE_TraceError	24	static
../STM32_WPAN/App/app_zigbee.c:360:13:APP_ZIGBEE_CheckWirelessFirmwareInfo	104	static
../STM32_WPAN/App/app_zigbee.c:432:6:APP_ZIGBEE_RegisterCmdBuffer	16	static
../STM32_WPAN/App/app_zigbee.c:437:24:ZIGBEE_Get_OTCmdPayloadBuffer	4	static
../STM32_WPAN/App/app_zigbee.c:442:24:ZIGBEE_Get_OTCmdRspPayloadBuffer	4	static
../STM32_WPAN/App/app_zigbee.c:447:24:ZIGBEE_Get_NotificationPayloadBuffer	4	static
../STM32_WPAN/App/app_zigbee.c:452:24:ZIGBEE_Get_M0RequestPayloadBuffer	4	static
../STM32_WPAN/App/app_zigbee.c:463:6:ZIGBEE_CmdTransfer	16	static
../STM32_WPAN/App/app_zigbee.c:486:6:TL_ZIGBEE_CmdEvtReceived	16	static
../STM32_WPAN/App/app_zigbee.c:500:6:TL_ZIGBEE_NotReceived	16	static
../STM32_WPAN/App/app_zigbee.c:515:6:Pre_ZigbeeCmdProcessing	8	static
../STM32_WPAN/App/app_zigbee.c:526:13:Wait_Getting_Ack_From_M0	8	static
../STM32_WPAN/App/app_zigbee.c:538:13:Receive_Ack_From_M0	8	static
../STM32_WPAN/App/app_zigbee.c:549:13:Receive_Notification_From_M0	8	static
../STM32_WPAN/App/app_zigbee.c:561:6:TL_ZIGBEE_M0RequestReceived	16	static
../STM32_WPAN/App/app_zigbee.c:574:6:APP_ZIGBEE_TL_INIT	8	static
../STM32_WPAN/App/app_zigbee.c:587:13:APP_ZIGBEE_ProcessNotifyM0ToM4	8	static
../STM32_WPAN/App/app_zigbee.c:602:13:APP_ZIGBEE_ProcessRequestM0ToM4	8	static
