../Drivers/STM32WBxx_HAL_Driver/Inc/stm32wbxx_ll_bus.h:364:22:LL_AHB1_GRP1_EnableClock	24	static
../Drivers/STM32WBxx_HAL_Driver/Inc/stm32wbxx_ll_bus.h:539:22:LL_AHB2_GRP1_EnableClock	24	static
../Core/Src/main.c:76:5:main	8	static
../Core/Src/main.c:135:6:SystemClock_Config	112	static
../Core/Src/main.c:184:6:PeriphCommonClock_Config	88	static
../Core/Src/main.c:209:13:MX_IPCC_Init	8	static
../Core/Src/main.c:235:6:MX_LPUART1_UART_Init	8	static
../Core/Src/main.c:283:6:MX_USART1_UART_Init	8	static
../Core/Src/main.c:331:13:MX_RF_Init	4	static
../Core/Src/main.c:352:13:MX_RTC_Init	8	static
../Core/Src/main.c:386:13:MX_DMA_Init	8	static
../Core/Src/main.c:405:13:MX_GPIO_Init	32	static
../Core/Src/main.c:451:6:Error_Handler	4	static,ignoring_inline_asm
